2026-08-13 15:35:44,445 INFO olmate.auth.routes: Register attempt for email=retry+1786635342@example.com
2026-08-13 15:35:44,598 INFO olmate.auth.routes: User registered id=6a7d96f8911e59ad24bbd48a email=retry+1786635342@example.com
2026-08-13 15:38:25,406 INFO olmate.auth.routes: Register attempt for email=test.user+local@example.com
2026-08-13 15:38:25,498 INFO olmate.auth.routes: User registered id=6a7d9799911e59ad24bbd48b email=test.user+local@example.com
2026-08-13 15:42:54,192 INFO olmate.auth.routes: Register attempt for email=retry2+1786635774@example.com
2026-08-13 15:42:54,309 INFO olmate.auth.routes: User registered id=6a7d98a613fadaa3764889c5 email=retry2+1786635774@example.com
2026-08-13 15:47:49,044 INFO olmate.auth.routes: Login attempt for email=test.user+local@example.com
2026-08-13 15:47:49,046 WARNING olmate.auth.routes: Login failed for email=test.user+local@example.com
2026-08-13 15:51:27,113 INFO olmate.auth.routes: Register attempt for email=working.user@example.com
2026-08-13 15:51:27,205 INFO olmate.auth.routes: User registered id=6a7d9aa713fadaa3764889c6 email=working.user@example.com
2026-08-13 15:51:41,190 INFO olmate.auth.routes: Login attempt for email=working.user@example.com
2026-08-13 16:00:52,714 INFO olmate.auth.routes: Register attempt for email=testendpoint@example.com
2026-08-13 16:00:52,803 INFO olmate.auth.routes: User registered id=6a7d9cdc13fadaa3764889c7 email=testendpoint@example.com
2026-08-13 16:00:55,151 INFO olmate.auth.routes: Login attempt for email=testendpoint@example.com
2026-08-15 07:44:50,393 INFO olmate.auth.routes: Register attempt for email=direct8001+1786779890@example.com
2026-08-15 07:44:50,406 INFO olmate.auth.routes: Register attempt for email=direct8000+1786779890@example.com
2026-08-15 07:44:50,524 INFO olmate.auth.routes: User registered id=6a7fcb9a13fadaa3764889c8 email=direct8001+1786779890@example.com
2026-08-15 07:44:50,537 INFO olmate.auth.routes: User registered id=6a7fcb9a911e59ad24bbd48c email=direct8000+1786779890@example.com
2026-08-15 07:47:25,644 INFO olmate.auth.routes: Register attempt for email=proxy+1786780042@example.com
2026-08-15 07:47:25,745 INFO olmate.auth.routes: User registered id=6a7fcc3513fadaa3764889c9 email=proxy+1786780042@example.com
2026-08-15 07:48:34,362 INFO olmate.auth.routes: Register attempt for email=probe+1786780114@example.com
2026-08-15 07:48:34,450 INFO olmate.auth.routes: User registered id=6a7fcc7a13fadaa3764889ca email=probe+1786780114@example.com
2026-08-15 07:48:50,714 INFO olmate.auth.routes: Register attempt for email=localhost+1786780131@example.com
2026-08-15 07:48:50,800 INFO olmate.auth.routes: User registered id=6a7fcc8a13fadaa3764889cb email=localhost+1786780131@example.com
2026-08-15 07:50:55,432 INFO olmate.auth.routes: Register attempt for email=finalprobe+1786780255@example.com
2026-08-15 07:50:55,536 INFO olmate.auth.routes: User registered id=6a7fcd0713fadaa3764889cc email=finalprobe+1786780255@example.com
2026-08-15 07:52:08,180 INFO olmate.auth.routes: Register attempt for email=nino@gmail.com
2026-08-15 07:52:08,402 INFO olmate.auth.routes: User registered id=6a7fcd50911e59ad24bbd48d email=nino@gmail.com
2026-08-15 08:02:48,128 INFO olmate.auth.routes: Register attempt for email=chatprobe+1786780967@example.com
2026-08-15 08:02:48,449 INFO olmate.auth.routes: User registered id=6a7fcfd013fadaa3764889cd email=chatprobe+1786780967@example.com
2026-08-15 08:24:44,907 INFO olmate.auth.routes: Login attempt for email=nino@gmail.com
2026-08-15 08:24:44,909 WARNING olmate.auth.routes: Login failed for email=nino@gmail.com
2026-08-15 08:24:50,487 INFO olmate.auth.routes: Login attempt for email=nino@gmail.com
2026-08-15 08:24:50,489 WARNING olmate.auth.routes: Login failed for email=nino@gmail.com
2026-08-15 08:24:56,938 INFO olmate.auth.routes: Register attempt for email=nino@gmail.com
2026-08-15 08:24:57,120 INFO olmate.auth.routes: User registered id=6a7fd50104dbb5266fe78123 email=nino@gmail.com
2026-08-15 08:34:55,305 INFO olmate.auth.routes: Login attempt for email=nino@gmail.com
2026-08-15 08:34:55,527 WARNING olmate.auth.routes: Login failed for email=nino@gmail.com
